This is pdfTeX, Version 3.141592653-2.6-1.40.22 (TeX Live 2022/dev/Debian) (preloaded format=pdflatex 2026.8.13)  28 AUG 2026 17:00
entering extended mode
 restricted \write18 enabled.
 %&-line parsing enabled.
**main.tex
(./main.tex
LaTeX2e <2021-11-15> patch level 1
L3 programming layer <2022-01-21>
(/sessions/epic-beautiful-pascal/mnt/outputs/texshim/elsarticle.cls
Document Class: elsarticle 2026/01/01 sandbox shim
(/usr/share/texlive/texmf-dist/tex/latex/base/article.cls
Document Class: article 2021/10/04 v1.4n Standard LaTeX document class
(/usr/share/texlive/texmf-dist/tex/latex/base/size10.clo
File: size10.clo 2021/10/04 v1.4n Standard LaTeX file (size option)
)
\c@part=\count185
\c@section=\count186
\c@subsection=\count187
\c@subsubsection=\count188
\c@paragraph=\count189
\c@subparagraph=\count190
\c@figure=\count191
\c@table=\count192
\abovecaptionskip=\skip47
\belowcaptionskip=\skip48
\bibindent=\dimen138
))
(/usr/share/texlive/texmf-dist/tex/latex/base/fontenc.sty
Package: fontenc 2021/04/29 v2.0v Standard LaTeX package
)
(/usr/share/texlive/texmf-dist/tex/latex/base/inputenc.sty
Package: inputenc 2021/02/14 v1.3d Input encoding file
\inpenc@prehook=\toks16
\inpenc@posthook=\toks17
)
(/usr/share/texlive/texmf-dist/tex/latex/amsmath/amsmath.sty
Package: amsmath 2021/10/15 v2.17l AMS math features
\@mathmargin=\skip49

For additional information on amsmath, use the `?' option.
(/usr/share/texlive/texmf-dist/tex/latex/amsmath/amstext.sty
Package: amstext 2021/08/26 v2.01 AMS text

(/usr/share/texlive/texmf-dist/tex/latex/amsmath/amsgen.sty
File: amsgen.sty 1999/11/30 v2.0 generic functions
\@emptytoks=\toks18
\ex@=\dimen139
))
(/usr/share/texlive/texmf-dist/tex/latex/amsmath/amsbsy.sty
Package: amsbsy 1999/11/29 v1.2d Bold Symbols
\pmbraise@=\dimen140
)
(/usr/share/texlive/texmf-dist/tex/latex/amsmath/amsopn.sty
Package: amsopn 2021/08/26 v2.02 operator names
)
\inf@bad=\count193
LaTeX Info: Redefining \frac on input line 234.
\uproot@=\count194
\leftroot@=\count195
LaTeX Info: Redefining \overline on input line 399.
\classnum@=\count196
\DOTSCASE@=\count197
LaTeX Info: Redefining \ldots on input line 496.
LaTeX Info: Redefining \dots on input line 499.
LaTeX Info: Redefining \cdots on input line 620.
\Mathstrutbox@=\box50
\strutbox@=\box51
\big@size=\dimen141
LaTeX Font Info:    Redeclaring font encoding OML on input line 743.
LaTeX Font Info:    Redeclaring font encoding OMS on input line 744.
\macc@depth=\count198
\c@MaxMatrixCols=\count199
\dotsspace@=\muskip16
\c@parentequation=\count266
\dspbrk@lvl=\count267
\tag@help=\toks19
\row@=\count268
\column@=\count269
\maxfields@=\count270
\andhelp@=\toks20
\eqnshift@=\dimen142
\alignsep@=\dimen143
\tagshift@=\dimen144
\tagwidth@=\dimen145
\totwidth@=\dimen146
\lineht@=\dimen147
\@envbody=\toks21
\multlinegap=\skip50
\multlinetaggap=\skip51
\mathdisplay@stack=\toks22
LaTeX Info: Redefining \[ on input line 2938.
LaTeX Info: Redefining \] on input line 2939.
)
(/usr/share/texlive/texmf-dist/tex/latex/amsfonts/amssymb.sty
Package: amssymb 2013/01/14 v3.01 AMS font symbols

(/usr/share/texlive/texmf-dist/tex/latex/amsfonts/amsfonts.sty
Package: amsfonts 2013/01/14 v3.01 Basic AMSFonts support
\symAMSa=\mathgroup4
\symAMSb=\mathgroup5
LaTeX Font Info:    Redeclaring math symbol \hbar on input line 98.
LaTeX Font Info:    Overwriting math alphabet `\mathfrak' in version `bold'
(Font)                  U/euf/m/n --> U/euf/b/n on input line 106.
))
(/usr/share/texlive/texmf-dist/tex/latex/graphics/graphicx.sty
Package: graphicx 2021/09/16 v1.2d Enhanced LaTeX Graphics (DPC,SPQR)

(/usr/share/texlive/texmf-dist/tex/latex/graphics/keyval.sty
Package: keyval 2014/10/28 v1.15 key=value parser (DPC)
\KV@toks@=\toks23
)
(/usr/share/texlive/texmf-dist/tex/latex/graphics/graphics.sty
Package: graphics 2021/03/04 v1.4d Standard LaTeX Graphics (DPC,SPQR)

(/usr/share/texlive/texmf-dist/tex/latex/graphics/trig.sty
Package: trig 2021/08/11 v1.11 sin cos tan (DPC)
)
(/usr/share/texlive/texmf-dist/tex/latex/graphics-cfg/graphics.cfg
File: graphics.cfg 2016/06/04 v1.11 sample graphics configuration
)
Package graphics Info: Driver file: pdftex.def on input line 107.

(/usr/share/texlive/texmf-dist/tex/latex/graphics-def/pdftex.def
File: pdftex.def 2020/10/05 v1.2a Graphics/color driver for pdftex
))
\Gin@req@height=\dimen148
\Gin@req@width=\dimen149
)
(/usr/share/texlive/texmf-dist/tex/latex/booktabs/booktabs.sty
Package: booktabs 2020/01/12 v1.61803398 Publication quality tables
\heavyrulewidth=\dimen150
\lightrulewidth=\dimen151
\cmidrulewidth=\dimen152
\belowrulesep=\dimen153
\belowbottomsep=\dimen154
\aboverulesep=\dimen155
\abovetopsep=\dimen156
\cmidrulesep=\dimen157
\cmidrulekern=\dimen158
\defaultaddspace=\dimen159
\@cmidla=\count271
\@cmidlb=\count272
\@aboverulesep=\dimen160
\@belowrulesep=\dimen161
\@thisruleclass=\count273
\@lastruleclass=\count274
\@thisrulewidth=\dimen162
)
(/sessions/epic-beautiful-pascal/mnt/outputs/texshim/siunitx.sty
Package: siunitx 2026/01/01 shim
)
(/sessions/epic-beautiful-pascal/mnt/outputs/texshim/microtype.sty
Package: microtype 2026/01/01 shim
)
(/usr/share/texlive/texmf-dist/tex/latex/hyperref/hyperref.sty
Package: hyperref 2021-06-07 v7.00m Hypertext links for LaTeX

(/usr/share/texlive/texmf-dist/tex/generic/ltxcmds/ltxcmds.sty
Package: ltxcmds 2020-05-10 v1.25 LaTeX kernel commands for general use (HO)
)
(/usr/share/texlive/texmf-dist/tex/generic/iftex/iftex.sty
Package: iftex 2020/03/06 v1.0d TeX engine tests
)
(/usr/share/texlive/texmf-dist/tex/generic/pdftexcmds/pdftexcmds.sty
Package: pdftexcmds 2020-06-27 v0.33 Utility functions of pdfTeX for LuaTeX (HO
)

(/usr/share/texlive/texmf-dist/tex/generic/infwarerr/infwarerr.sty
Package: infwarerr 2019/12/03 v1.5 Providing info/warning/error messages (HO)
)
Package pdftexcmds Info: \pdf@primitive is available.
Package pdftexcmds Info: \pdf@ifprimitive is available.
Package pdftexcmds Info: \pdfdraftmode found.
)
(/usr/share/texlive/texmf-dist/tex/generic/kvsetkeys/kvsetkeys.sty
Package: kvsetkeys 2019/12/15 v1.18 Key value parser (HO)
)
(/usr/share/texlive/texmf-dist/tex/generic/kvdefinekeys/kvdefinekeys.sty
Package: kvdefinekeys 2019-12-19 v1.6 Define keys (HO)
)
(/usr/share/texlive/texmf-dist/tex/generic/pdfescape/pdfescape.sty
Package: pdfescape 2019/12/09 v1.15 Implements pdfTeX's escape features (HO)
)
(/usr/share/texlive/texmf-dist/tex/latex/hycolor/hycolor.sty
Package: hycolor 2020-01-27 v1.10 Color options for hyperref/bookmark (HO)
)
(/usr/share/texlive/texmf-dist/tex/latex/letltxmacro/letltxmacro.sty
Package: letltxmacro 2019/12/03 v1.6 Let assignment for LaTeX macros (HO)
)
(/usr/share/texlive/texmf-dist/tex/latex/auxhook/auxhook.sty
Package: auxhook 2019-12-17 v1.6 Hooks for auxiliary files (HO)
)
(/usr/share/texlive/texmf-dist/tex/latex/kvoptions/kvoptions.sty
Package: kvoptions 2020-10-07 v3.14 Key value format for package options (HO)
)
\@linkdim=\dimen163
\Hy@linkcounter=\count275
\Hy@pagecounter=\count276

(/usr/share/texlive/texmf-dist/tex/latex/hyperref/pd1enc.def
File: pd1enc.def 2021-06-07 v7.00m Hyperref: PDFDocEncoding definition (HO)
Now handling font encoding PD1 ...
... no UTF-8 mapping file for font encoding PD1
)
(/usr/share/texlive/texmf-dist/tex/latex/hyperref/hyperref-langpatches.def
File: hyperref-langpatches.def 2021-06-07 v7.00m Hyperref: patches for babel la
nguages
)
(/usr/share/texlive/texmf-dist/tex/generic/intcalc/intcalc.sty
Package: intcalc 2019/12/15 v1.3 Expandable calculations with integers (HO)
)
(/usr/share/texlive/texmf-dist/tex/generic/etexcmds/etexcmds.sty
Package: etexcmds 2019/12/15 v1.7 Avoid name clashes with e-TeX commands (HO)
)
\Hy@SavedSpaceFactor=\count277

(/usr/share/texlive/texmf-dist/tex/latex/hyperref/puenc.def
File: puenc.def 2021-06-07 v7.00m Hyperref: PDF Unicode definition (HO)
Now handling font encoding PU ...
... no UTF-8 mapping file for font encoding PU
)
Package hyperref Info: Hyper figures OFF on input line 4192.
Package hyperref Info: Link nesting OFF on input line 4197.
Package hyperref Info: Hyper index ON on input line 4200.
Package hyperref Info: Plain pages OFF on input line 4207.
Package hyperref Info: Backreferencing OFF on input line 4212.
Package hyperref Info: Implicit mode ON; LaTeX internals redefined.
Package hyperref Info: Bookmarks ON on input line 4445.
\c@Hy@tempcnt=\count278

(/usr/share/texlive/texmf-dist/tex/latex/url/url.sty
\Urlmuskip=\muskip17
Package: url 2013/09/16  ver 3.4  Verb mode for urls, etc.
)
LaTeX Info: Redefining \url on input line 4804.
\XeTeXLinkMargin=\dimen164

(/usr/share/texlive/texmf-dist/tex/generic/bitset/bitset.sty
Package: bitset 2019/12/09 v1.3 Handle bit-vector datatype (HO)

(/usr/share/texlive/texmf-dist/tex/generic/bigintcalc/bigintcalc.sty
Package: bigintcalc 2019/12/15 v1.5 Expandable calculations on big integers (HO
)
))
\Fld@menulength=\count279
\Field@Width=\dimen165
\Fld@charsize=\dimen166
Package hyperref Info: Hyper figures OFF on input line 6076.
Package hyperref Info: Link nesting OFF on input line 6081.
Package hyperref Info: Hyper index ON on input line 6084.
Package hyperref Info: backreferencing OFF on input line 6091.
Package hyperref Info: Link coloring OFF on input line 6096.
Package hyperref Info: Link coloring with OCG OFF on input line 6101.
Package hyperref Info: PDF/A mode OFF on input line 6106.
LaTeX Info: Redefining \ref on input line 6146.
LaTeX Info: Redefining \pageref on input line 6150.

(/usr/share/texlive/texmf-dist/tex/latex/base/atbegshi-ltx.sty
Package: atbegshi-ltx 2021/01/10 v1.0c Emulation of the original atbegshi
package with kernel methods
)
\Hy@abspage=\count280
\c@Item=\count281
\c@Hfootnote=\count282
)
Package hyperref Info: Driver (autodetected): hpdftex.

(/usr/share/texlive/texmf-dist/tex/latex/hyperref/hpdftex.def
File: hpdftex.def 2021-06-07 v7.00m Hyperref driver for pdfTeX

(/usr/share/texlive/texmf-dist/tex/latex/base/atveryend-ltx.sty
Package: atveryend-ltx 2020/08/19 v1.0a Emulation of the original atveryend pac
kage
with kernel methods
)
\Fld@listcount=\count283
\c@bookmark@seq@number=\count284

(/usr/share/texlive/texmf-dist/tex/latex/rerunfilecheck/rerunfilecheck.sty
Package: rerunfilecheck 2019/12/05 v1.9 Rerun checks for auxiliary files (HO)

(/usr/share/texlive/texmf-dist/tex/generic/uniquecounter/uniquecounter.sty
Package: uniquecounter 2019/12/15 v1.4 Provide unlimited unique counter (HO)
)
Package uniquecounter Info: New unique counter `rerunfilecheck' on input line 2
86.
)
\Hy@SectionHShift=\skip52
)
(/usr/share/texlive/texmf-dist/tex/latex/tools/array.sty
Package: array 2021/10/04 v2.5f Tabular extension package (FMi)
\col@sep=\dimen167
\ar@mcellbox=\box52
\extrarowheight=\dimen168
\NC@list=\toks24
\extratabsurround=\skip53
\backup@length=\skip54
\ar@cellbox=\box53
)
(/usr/share/texlive/texmf-dist/tex/latex/tools/tabularx.sty
Package: tabularx 2020/01/15 v2.11c `tabularx' package (DPC)
\TX@col@width=\dimen169
\TX@old@table=\dimen170
\TX@old@col=\dimen171
\TX@target=\dimen172
\TX@delta=\dimen173
\TX@cols=\count285
\TX@ftn=\toks25
)
(/usr/share/texlive/texmf-dist/tex/latex/float/float.sty
Package: float 2001/11/08 v1.3d Float enhancements (AL)
\c@float@type=\count286
\float@exts=\toks26
\float@box=\box54
\@float@everytoks=\toks27
\@floatcapt=\box55
)
(/usr/share/texlive/texmf-dist/tex/latex/l3backend/l3backend-pdftex.def
File: l3backend-pdftex.def 2022-01-12 L3 backend support: PDF output (pdfTeX)
\l__color_backend_stack_int=\count287
\l__pdf_internal_box=\box56
)
(./main.aux)
\openout1 = `main.aux'.

LaTeX Font Info:    Checking defaults for OML/cmm/m/it on input line 34.
LaTeX Font Info:    ... okay on input line 34.
LaTeX Font Info:    Checking defaults for OMS/cmsy/m/n on input line 34.
LaTeX Font Info:    ... okay on input line 34.
LaTeX Font Info:    Checking defaults for OT1/cmr/m/n on input line 34.
LaTeX Font Info:    ... okay on input line 34.
LaTeX Font Info:    Checking defaults for T1/cmr/m/n on input line 34.
LaTeX Font Info:    ... okay on input line 34.
LaTeX Font Info:    Checking defaults for TS1/cmr/m/n on input line 34.
LaTeX Font Info:    ... okay on input line 34.
LaTeX Font Info:    Checking defaults for OMX/cmex/m/n on input line 34.
LaTeX Font Info:    ... okay on input line 34.
LaTeX Font Info:    Checking defaults for U/cmr/m/n on input line 34.
LaTeX Font Info:    ... okay on input line 34.
LaTeX Font Info:    Checking defaults for PD1/pdf/m/n on input line 34.
LaTeX Font Info:    ... okay on input line 34.
LaTeX Font Info:    Checking defaults for PU/pdf/m/n on input line 34.
LaTeX Font Info:    ... okay on input line 34.
 (/usr/share/texlive/texmf-dist/tex/context/base/mkii/supp-pdf.mkii
[Loading MPS to PDF converter (version 2006.09.02).]
\scratchcounter=\count288
\scratchdimen=\dimen174
\scratchbox=\box57
\nofMPsegments=\count289
\nofMParguments=\count290
\everyMPshowfont=\toks28
\MPscratchCnt=\count291
\MPscratchDim=\dimen175
\MPnumerator=\count292
\makeMPintoPDFobject=\count293
\everyMPtoPDFconversion=\toks29
) (/usr/share/texlive/texmf-dist/tex/latex/epstopdf-pkg/epstopdf-base.sty
Package: epstopdf-base 2020-01-24 v2.11 Base part for package epstopdf
Package epstopdf-base Info: Redefining graphics rule for `.eps' on input line 4
85.

(/usr/share/texlive/texmf-dist/tex/latex/latexconfig/epstopdf-sys.cfg
File: epstopdf-sys.cfg 2010/07/13 v1.3 Configuration of (r)epstopdf for TeX Liv
e
))
Package hyperref Info: Link coloring OFF on input line 34.

(/usr/share/texlive/texmf-dist/tex/latex/hyperref/nameref.sty
Package: nameref 2021-04-02 v2.47 Cross-referencing by name of section

(/usr/share/texlive/texmf-dist/tex/latex/refcount/refcount.sty
Package: refcount 2019/12/15 v3.6 Data extraction from label references (HO)
)
(/usr/share/texlive/texmf-dist/tex/generic/gettitlestring/gettitlestring.sty
Package: gettitlestring 2019/12/15 v1.6 Cleanup title references (HO)
)
\c@section@level=\count294
)
LaTeX Info: Redefining \ref on input line 34.
LaTeX Info: Redefining \pageref on input line 34.
LaTeX Info: Redefining \nameref on input line 34.

(./main.out) (./main.out)
\@outlinefile=\write3
\openout3 = `main.out'.

LaTeX Font Info:    Trying to load font information for U+msa on input line 56.


(/usr/share/texlive/texmf-dist/tex/latex/amsfonts/umsa.fd
File: umsa.fd 2013/01/14 v3.01 AMS symbols A
)
LaTeX Font Info:    Trying to load font information for U+msb on input line 56.


(/usr/share/texlive/texmf-dist/tex/latex/amsfonts/umsb.fd
File: umsb.fd 2013/01/14 v3.01 AMS symbols B
) [1

{/var/lib/texmf/fonts/map/pdftex/updmap/pdftex.map}]
Overfull \hbox (462.97203pt too wide) in paragraph at lines 62--62
 [][] 
 []

[2

]
Overfull \hbox (12.55444pt too wide) in paragraph at lines 97--97
[]|\T1/cmr/m/n/8 Composition/processing|  
 []

<figures//fig00_framework_overview.png, id=189, 751.608pt x 381.5856pt>
File: figures//fig00_framework_overview.png Graphic file (type png)
<use figures//fig00_framework_overview.png>
Package pdftex.def Info: figures//fig00_framework_overview.png  used on input l
ine 103.
(pdftex.def)             Requested size: 422.09714pt x 214.29784pt.
<figures//composition_microstructure.png, id=198, 443.475pt x 414.348pt>
File: figures//composition_microstructure.png Graphic file (type png)
<use figures//composition_microstructure.png>
Package pdftex.def Info: figures//composition_microstructure.png  used on input
 line 121.
(pdftex.def)             Requested size: 328.29857pt x 306.73917pt.
[3pdfTeX warning (ext4): destination with the same identifier (name{table.1}) h
as been already used, duplicate ignored
<argument> ...shipout:D \box_use:N \l_shipout_box 
                                                  \__shipout_drop_firstpage_...
l.130 
      ]
Underfull \vbox (badness 10000) has occurred while \output is active []

<figures//fig_provenance.png, id=208, 536.60475pt x 353.76164pt>
File: figures//fig_provenance.png Graphic file (type png)
<use figures//fig_provenance.png>
Package pdftex.def Info: figures//fig_provenance.png  used on input line 133.
(pdftex.def)             Requested size: 431.47914pt x 284.45634pt.

Underfull \vbox (badness 10000) has occurred while \output is active []

 [4pdfTeX warning (ext4): destination with the same identifier (name{figure.1})
 has been already used, duplicate ignored
<argument> ...shipout:D \box_use:N \l_shipout_box 
                                                  \__shipout_drop_firstpage_...
l.156 
       <./figures//fig00_framework_overview.png>]
Underfull \hbox (badness 1005) in paragraph at lines 163--164
\T1/cmr/m/n/10 line. We also com-pare nine pre-specified laws:
 []


Underfull \vbox (badness 10000) has occurred while \output is active []


Underfull \hbox (badness 1810) in paragraph at lines 165--165
[]\T1/cmr/bx/n/12 Family 2: Physics-derived de-
 []


Underfull \vbox (badness 10000) has occurred while \output is active []

 [5pdfTeX warning (ext4): destination with the same identifier (name{figure.2})
 has been already used, duplicate ignored
<argument> ...shipout:D \box_use:N \l_shipout_box 
                                                  \__shipout_drop_firstpage_...
l.168 \begin{equation}
                      pdfTeX warning (ext4): destination with the same identifi
er (name{table.2}) has been already used, duplicate ignored
<argument> ...shipout:D \box_use:N \l_shipout_box 
                                                  \__shipout_drop_firstpage_...
l.168 \begin{equation}
                       <./figures//composition_microstructure.png>]
Underfull \vbox (badness 5475) has occurred while \output is active []

 [6pdfTeX warning (ext4): destination with the same identifier (name{figure.3})
 has been already used, duplicate ignored
<argument> ...shipout:D \box_use:N \l_shipout_box 
                                                  \__shipout_drop_firstpage_...
l.179 
       <./figures//fig_provenance.png>]
Underfull \hbox (badness 10000) in paragraph at lines 180--180
[]\T1/cmr/bx/n/12 Family 3: Com-po-si-
 []


Overfull \hbox (15.75809pt too wide) detected at line 196
[][]\OML/cmm/m/it/10 ^^[[] \OT1/cmr/m/n/10 = \OML/cmm/m/it/10 ^^L[] \OT1/cmr/m/
n/10 + [] \OML/cmm/m/it/10 ^^L[]c[] \OT1/cmr/m/n/10 + \OML/cmm/m/it/10 k[]d[] \
OT1/cmr/m/n/10 + \OML/cmm/m/it/10 ^^M[][] \OT1/cmr/m/n/10 + \OML/cmm/m/it/10 ^^
Q[][]d[]:
 []


Underfull \hbox (badness 10000) in paragraph at lines 199--199
[]\T1/cmr/bx/n/12 Family 4: Non-linear ML
 []


Underfull \vbox (badness 5374) has occurred while \output is active []

 [7]
Underfull \hbox (badness 1038) in paragraph at lines 230--231
\T1/cmr/m/n/10 is con-verted to stress units and sum-ma-rized as
 []

[8]
<figures//fig01_hall_petch.png, id=280, 525.4029pt x 257.64255pt>
File: figures//fig01_hall_petch.png Graphic file (type png)
<use figures//fig01_hall_petch.png>
Package pdftex.def Info: figures//fig01_hall_petch.png  used on input line 280.

(pdftex.def)             Requested size: 229.5pt x 112.54141pt.

Underfull \hbox (badness 1810) in paragraph at lines 285--285
[]\T1/cmr/bx/n/12 Family 2: Physics-derived de-
 []


Underfull \vbox (badness 10000) has occurred while \output is active []

 [9pdfTeX warning (ext4): destination with the same identifier (name{table.3}) 
has been already used, duplicate ignored
<argument> ...shipout:D \box_use:N \l_shipout_box 
                                                  \__shipout_drop_firstpage_...
l.288 
      pdfTeX warning (ext4): destination with the same identifier (name{figure.
4}) has been already used, duplicate ignored
<argument> ...shipout:D \box_use:N \l_shipout_box 
                                                  \__shipout_drop_firstpage_...
l.288 
       <./figures//fig01_hall_petch.png>]
<figures//fig_sss_parity.png, id=290, 525.22223pt x 206.6922pt>
File: figures//fig_sss_parity.png Graphic file (type png)
<use figures//fig_sss_parity.png>
Package pdftex.def Info: figures//fig_sss_parity.png  used on input line 313.
(pdftex.def)             Requested size: 201.96112pt x 79.47739pt.

Underfull \hbox (badness 10000) in paragraph at lines 318--318
[]\T1/cmr/bx/n/12 Family 3: Com-po-si-
 []


Underfull \hbox (badness 10000) in paragraph at lines 326--327
[]\T1/cmr/m/n/10 The complete-data M3 fit gives $\OML/cmm/m/it/10 k[] \OT1/cmr/
m/n/10 =
 []


Underfull \hbox (badness 10000) in paragraph at lines 326--327
\OT1/cmr/m/n/10 766$ \T1/cmr/m/n/10 MPa$\OMS/cmsy/m/n/10 ^^A\OML/cmm/m/it/10 ^^
V$\T1/cmr/m/n/10 m$[]$. Adding the composition-
 []


Underfull \hbox (badness 2762) in paragraph at lines 326--327
\T1/cmr/m/n/10 1149 MPa$\OMS/cmsy/m/n/10 ^^A\OML/cmm/m/it/10 ^^V$\T1/cmr/m/n/10
 m$[]$ in the grain-only fit, con-sis-
 []


Underfull \hbox (badness 2359) in paragraph at lines 326--327
\T1/cmr/m/n/10 tent with composition--grain-size con-found-ing in
 []

[10pdfTeX warning (ext4): destination with the same identifier (name{figure.5})
 has been already used, duplicate ignored
<argument> ...shipout:D \box_use:N \l_shipout_box 
                                                  \__shipout_drop_firstpage_...
l.327 
       <./figures//fig_sss_parity.png>]
Underfull \hbox (badness 1314) in paragraph at lines 352--353
\T1/cmr/m/n/10 nine com-po-si-tions are re-peated, most have two
 []


Underfull \hbox (badness 1242) in paragraph at lines 352--353
\T1/cmr/m/n/10 Their de-scrip-tive lo-cal slopes range from about
 []


Underfull \vbox (badness 10000) has occurred while \output is active []

<figures//fig_comp_hp_models_ab.png, id=305, 562.44127pt x 260.8947pt>
File: figures//fig_comp_hp_models_ab.png Graphic file (type png)
<use figures//fig_comp_hp_models_ab.png>
Package pdftex.def Info: figures//fig_comp_hp_models_ab.png  used on input line
 356.
(pdftex.def)             Requested size: 403.34029pt x 187.09163pt.

Underfull \hbox (badness 10000) in paragraph at lines 361--361
[]\T1/cmr/bx/n/12 Family 4: Non-linear ML
 []

[11pdfTeX warning (ext4): destination with the same identifier (name{table.4}) 
has been already used, duplicate ignored
<argument> ...shipout:D \box_use:N \l_shipout_box 
                                                  \__shipout_drop_firstpage_...
l.365 T
       he archived nested ARMOTE-CV summary reports Bayesian ridge at S2 wit...
pdfTeX warning (ext4): destination with the same identifier (name{table.5}) has
 been already used, duplicate ignored
<argument> ...shipout:D \box_use:N \l_shipout_box 
                                                  \__shipout_drop_firstpage_...
l.365 T
       he archived nested ARMOTE-CV summary reports Bayesian ridge at S2 wit...
]
Underfull \vbox (badness 2662) has occurred while \output is active []

<figures//fair_comparison_LOBO_heatmap.png, id=313, 525.58357pt x 318.7107pt>
File: figures//fair_comparison_LOBO_heatmap.png Graphic file (type png)
<use figures//fair_comparison_LOBO_heatmap.png>
Package pdftex.def Info: figures//fair_comparison_LOBO_heatmap.png  used on inp
ut line 375.
(pdftex.def)             Requested size: 229.5pt x 139.1681pt.
 [12pdfTeX warning (ext4): destination with the same identifier (name{figure.6}
) has been already used, duplicate ignored
<argument> ...shipout:D \box_use:N \l_shipout_box 
                                                  \__shipout_drop_firstpage_...
l.383 
       <./figures//fig_comp_hp_models_ab.png>]
Underfull \vbox (badness 4699) has occurred while \output is active []

<figures//fig08_pysr_pareto.png, id=322, 257.2812pt x 221.1462pt>
File: figures//fig08_pysr_pareto.png Graphic file (type png)
<use figures//fig08_pysr_pareto.png>
Package pdftex.def Info: figures//fig08_pysr_pareto.png  used on input line 388
.
(pdftex.def)             Requested size: 229.5pt x 197.27502pt.

Underfull \hbox (badness 10000) in paragraph at lines 401--403
\T1/cmr/m/n/10 The three co-ef-fi-cient boot-strap in-ter-vals are
 []


Underfull \hbox (badness 6001) in paragraph at lines 401--403
\OT1/cmr/m/n/10 [202\OML/cmm/m/it/10 :\OT1/cmr/m/n/10 9\OML/cmm/m/it/10 ; \OT1/
cmr/m/n/10 240\OML/cmm/m/it/10 :\OT1/cmr/m/n/10 1]$\T1/cmr/m/n/10 , $\OT1/cmr/m
/n/10 [69\OML/cmm/m/it/10 :\OT1/cmr/m/n/10 4\OML/cmm/m/it/10 ; \OT1/cmr/m/n/10 
98\OML/cmm/m/it/10 :\OT1/cmr/m/n/10 3]$\T1/cmr/m/n/10 , and $\OT1/cmr/m/n/10 [\
OMS/cmsy/m/n/10 ^^@\OT1/cmr/m/n/10 1\OML/cmm/m/it/10 :\OT1/cmr/m/n/10 218\OML/c
mm/m/it/10 ; \OMS/cmsy/m/n/10 ^^@\OT1/cmr/m/n/10 0\OML/cmm/m/it/10 :\OT1/cmr/m/
n/10 803]$\T1/cmr/m/n/10 .
 []


Underfull \hbox (badness 1077) in paragraph at lines 401--403
\T1/cmr/m/n/10 de-vi-a-tions are $\OT1/cmr/m/n/10 221\OML/cmm/m/it/10 :\OT1/cmr
/m/n/10 82 \OMS/cmsy/m/n/10 ^^F \OT1/cmr/m/n/10 9\OML/cmm/m/it/10 :\OT1/cmr/m/n
/10 64$\T1/cmr/m/n/10 , $\OT1/cmr/m/n/10 84\OML/cmm/m/it/10 :\OT1/cmr/m/n/10 12
 \OMS/cmsy/m/n/10 ^^F \OT1/cmr/m/n/10 7\OML/cmm/m/it/10 :\OT1/cmr/m/n/10 34$\T1
/cmr/m/n/10 , and
 []

[13pdfTeX warning (ext4): destination with the same identifier (name{figure.7})
 has been already used, duplicate ignored
<argument> ...shipout:D \box_use:N \l_shipout_box 
                                                  \__shipout_drop_firstpage_...
l.403 
      pdfTeX warning (ext4): destination with the same identifier (name{figure.
8}) has been already used, duplicate ignored
<argument> ...shipout:D \box_use:N \l_shipout_box 
                                                  \__shipout_drop_firstpage_...
l.403 
       <./figures//fair_comparison_LOBO_heatmap.png> <./figures//fig08_pysr_par
eto.png>]
<figures//fig_hv_ys_rank.png, id=335, 241.3818pt x 239.2137pt>
File: figures//fig_hv_ys_rank.png Graphic file (type png)
<use figures//fig_hv_ys_rank.png>
Package pdftex.def Info: figures//fig_hv_ys_rank.png  used on input line 418.
(pdftex.def)             Requested size: 206.5486pt x 204.69772pt.

Underfull \hbox (badness 1584) in paragraph at lines 425--426
\T1/cmr/m/n/10 out-side the ex-per-i-men-tal pro-gram. On its 54
 []


Underfull \vbox (badness 10000) has occurred while \output is active []

 [14pdfTeX warning (ext4): destination with the same identifier (name{figure.9}
) has been already used, duplicate ignored
<argument> ...shipout:D \box_use:N \l_shipout_box 
                                                  \__shipout_drop_firstpage_...
l.426 
       <./figures//fig_hv_ys_rank.png>]
Overfull \hbox (21.40709pt too wide) in paragraph at lines 434--443
 [][] 
 []


Underfull \vbox (badness 10000) has occurred while \output is active []


Underfull \hbox (badness 7064) in paragraph at lines 452--452
[]\T1/cmr/bx/n/12 Hardness re-quires a dif-fer-ent
 []

[15pdfTeX warning (ext4): destination with the same identifier (name{table.6}) 
has been already used, duplicate ignored
<argument> ...shipout:D \box_use:N \l_shipout_box 
                                                  \__shipout_drop_firstpage_...
l.459 
      ]
Underfull \hbox (badness 2495) in paragraph at lines 462--462
[]\T1/cmr/bx/n/12 Physical in-ter-pre-ta-tion with-out
 []


Underfull \hbox (badness 1721) in paragraph at lines 464--465
\T1/cmr/m/n/10 The data sup-port a grain-size base-line for YS
 []


Underfull \hbox (badness 1558) in paragraph at lines 464--465
\T1/cmr/m/n/10 at-tribute those sig-nals to fric-tion stress, so-lute
 []


Underfull \hbox (badness 3343) in paragraph at lines 466--467
[]\T1/cmr/m/n/10 YS and HV are not in-ter-change-able la-bels.
 []


Underfull \hbox (badness 10000) in paragraph at lines 468--468
[]\T1/cmr/bx/n/12 Best prac-tices for physics-
 []

[16]
Underfull \hbox (badness 10000) in paragraph at lines 492--492
[]|\T1/cmr/m/n/9 Composition im-proves
 []


Underfull \hbox (badness 2790) in paragraph at lines 492--492
[]|\T1/cmr/m/n/9 Non-linearity im-proves
 []


Underfull \hbox (badness 3219) in paragraph at lines 492--492
[]|\T1/cmr/m/n/9 The HV closed form
 []


Underfull \hbox (badness 1953) in paragraph at lines 492--492
[]|\T1/cmr/m/n/9 Testable hy-poth-e-sis re-quir-ing con-trolled mi-
 []

LaTeX Font Info:    Trying to load font information for T1+cmtt on input line 4
99.
(/usr/share/texlive/texmf-dist/tex/latex/base/t1cmtt.fd
File: t1cmtt.fd 2019/12/16 v2.5j Standard LaTeX font definitions
)
Underfull \hbox (badness 2809) in paragraph at lines 499--500
[]\T1/cmr/m/n/10 The re-vised repos-i-tory sep-a-rates re-pro-ducible
 []


Underfull \hbox (badness 1902) in paragraph at lines 499--500
\T1/cmr/m/n/10 re-sults from archival, post-selected, and proxy-
 []


Underfull \hbox (badness 1122) in paragraph at lines 499--500
\T1/cmr/m/n/10 mary grouped-validation ta-ble and the M3/M15
 []


Underfull \hbox (badness 2237) in paragraph at lines 499--500
\T1/cmr/m/n/10 grain-width au-dit from the pre-pared de-scrip-tor
 []


Underfull \hbox (badness 1552) in paragraph at lines 499--500
\T1/cmr/m/n/10 re-pro-duced here. Its ear-lier Bayesian stack-ing
 []

[17]
Underfull \hbox (badness 10000) in paragraph at lines 520--521
\T1/cmr/m/n/10 The project repos-i-tory con-tains the raw
 []


Underfull \hbox (badness 10000) in paragraph at lines 520--521
\T1/cmr/m/n/10 data, de-rived de-scrip-tors, anal-y-sis scripts,
 []


Underfull \hbox (badness 10000) in paragraph at lines 520--521
\T1/cmr/m/n/10 re-sult ta-bles, and figure-generation code.
 []


Underfull \hbox (badness 10000) in paragraph at lines 520--521
\T1/cmr/m/n/10 The \T1/cmtt/m/n/10 paper_gpt/verified_results \T1/cmr/m/n/10 di
-
 []


Underfull \hbox (badness 10000) in paragraph at lines 520--521
\T1/cmr/m/n/10 rec-tory con-tains the dataset au-dit, cor-
 []


Underfull \hbox (badness 10000) in paragraph at lines 520--521
\T1/cmr/m/n/10 rected hard-ness co-ef-fi-cients, evidence-class
 []


Underfull \hbox (badness 10000) in paragraph at lines 520--521
\T1/cmr/m/n/10 au-dit, \T1/cmtt/m/n/10 main2_grouped_validation.csv\T1/cmr/m/n/
10 ,
 []


Underfull \hbox (badness 10000) in paragraph at lines 520--521
\T1/cmtt/m/n/10 sdgrain_m15_validation.csv\T1/cmr/m/n/10 , and
 []


Underfull \hbox (badness 10000) in paragraph at lines 520--521
\T1/cmtt/m/n/10 sdgrain_feature_audit.csv\T1/cmr/m/n/10 . The scripts
 []


Underfull \hbox (badness 10000) in paragraph at lines 520--521
\T1/cmtt/m/n/10 paper_gpt/main2_validation.py \T1/cmr/m/n/10 and
 []


Underfull \hbox (badness 10000) in paragraph at lines 520--521
\T1/cmtt/m/n/10 paper_gpt/verify_sdgrain_models.py \T1/cmr/m/n/10 gen-er-
 []


Underfull \hbox (badness 2237) in paragraph at lines 520--521
\T1/cmr/m/n/10 be-fore sub-mis-sion. Nested ARMOTE-CV fold
 []

(./main.bbl [18pdfTeX warning (ext4): destination with the same identifier (nam
e{table.7}) has been already used, duplicate ignored
<argument> ...shipout:D \box_use:N \l_shipout_box 
                                                  \__shipout_drop_firstpage_...
l.15 \bibitem{George2019}
                         ]
Underfull \hbox (badness 2205) in paragraph at lines 43--54
\T1/cmr/m/n/10 Voigt, Lind-sey Kuet-tner, Bran-den Kappes,
 []


Underfull \hbox (badness 10000) in paragraph at lines 43--54
\T1/cmr/m/n/10 Skokan, Vahid At-tari, Michael Elverud,
 []


Underfull \hbox (badness 1502) in paragraph at lines 43--54
\T1/cmr/m/n/10 ac-cel-er-ated ma-te-ri-als dis-cov-ery.  \T1/cmr/m/it/10 In-te-
grat-ing
 []


Underfull \hbox (badness 10000) in paragraph at lines 43--54
\T1/cmr/m/it/10 Ma-te-ri-als and Man-u-fac-tur-ing In-no-va-tion\T1/cmr/m/n/10 
,
 []


Underfull \hbox (badness 1057) in paragraph at lines 56--64
\T1/cmr/m/n/10 Hast-ings, Wenle Xu, Daniel Salas, Joy-deep
 []


Underfull \hbox (badness 1776) in paragraph at lines 56--64
\T1/cmr/m/n/10 Kundu, Vas-anth C. Shun-mu-gasamy, Daniel
 []

[19]
Underfull \hbox (badness 1205) in paragraph at lines 106--110
[]\T1/cmr/m/n/10 F. Otto, A. Dlouhý, Ch. Som-sen, H. Bei,
 []


Underfull \hbox (badness 1173) in paragraph at lines 112--117
[]\T1/cmr/m/n/10 S. Yoshida, T. Bhat-tachar-jee, Y. Bai, and
 []


Underfull \hbox (badness 2119) in paragraph at lines 146--151
[]\T1/cmr/m/n/10 Cheng Wen, Changxin Wang, Yan Zhang,
 []


Underfull \hbox (badness 4072) in paragraph at lines 164--168
[]\T1/cmr/m/n/10 X. Yang and Y. Zhang.  Pre-dic-tion of
 []


Underfull \hbox (badness 1742) in paragraph at lines 170--174
\T1/cmr/m/it/10 Jour-nal of Ap-plied Physics\T1/cmr/m/n/10 , 109(10):103505,
 []

[20]
Underfull \hbox (badness 3302) in paragraph at lines 230--235
\T1/cmr/m/n/10 tachar-jee, Yu Bai, Aki-nobu Shi-bata, and
 []

) [21

] (./main.aux)
Package rerunfilecheck Info: File `main.out' has not changed.
(rerunfilecheck)             Checksum: 3AAFB593E26FF1BE77D08665E2636B2D;5746.
 ) 
Here is how much of TeX's memory you used:
 10267 strings out of 480247
 158988 string characters out of 5896151
 450105 words of memory out of 5000000
 27929 multiletter control sequences out of 15000+600000
 485066 words of font info for 71 fonts, out of 8000000 for 9000
 14 hyphenation exceptions out of 8191
 60i,17n,63p,2351b,443s stack positions out of 5000i,500n,10000p,200000b,80000s
 </sessions/epic-beautiful-pascal/.texlive2021/texmf-var/fonts/pk/ljfour/jkna
ppen/ec/ecti1000.600pk> </sessions/epic-beautiful-pascal/.texlive2021/texmf-var
/fonts/pk/ljfour/jknappen/ec/ectt1000.600pk> </sessions/epic-beautiful-pascal/.
texlive2021/texmf-var/fonts/pk/ljfour/jknappen/ec/ecbx1200.600pk> </sessions/ep
ic-beautiful-pascal/.texlive2021/texmf-var/fonts/pk/ljfour/jknappen/ec/ecrm0800
.600pk> </sessions/epic-beautiful-pascal/.texlive2021/texmf-var/fonts/pk/ljfour
/jknappen/ec/ecbx1440.600pk> </sessions/epic-beautiful-pascal/.texlive2021/texm
f-var/fonts/pk/ljfour/jknappen/ec/ecrm1200.600pk> </sessions/epic-beautiful-pas
cal/.texlive2021/texmf-var/fonts/pk/ljfour/jknappen/ec/ecrm1728.600pk> </sessio
ns/epic-beautiful-pascal/.texlive2021/texmf-var/fonts/pk/ljfour/jknappen/ec/ecr
m1000.600pk> </sessions/epic-beautiful-pascal/.texlive2021/texmf-var/fonts/pk/l
jfour/jknappen/ec/ecrm0900.600pk> </sessions/epic-beautiful-pascal/.texlive2021
/texmf-var/fonts/pk/ljfour/jknappen/ec/ecbx0900.600pk></usr/share/texlive/texmf
-dist/fonts/type1/public/amsfonts/cm/cmex10.pfb></usr/share/texlive/texmf-dist/
fonts/type1/public/amsfonts/cm/cmmi10.pfb></usr/share/texlive/texmf-dist/fonts/
type1/public/amsfonts/cm/cmmi6.pfb></usr/share/texlive/texmf-dist/fonts/type1/p
ublic/amsfonts/cm/cmmi7.pfb></usr/share/texlive/texmf-dist/fonts/type1/public/a
msfonts/cm/cmmi8.pfb></usr/share/texlive/texmf-dist/fonts/type1/public/amsfonts
/cm/cmmi9.pfb></usr/share/texlive/texmf-dist/fonts/type1/public/amsfonts/cm/cmr
10.pfb></usr/share/texlive/texmf-dist/fonts/type1/public/amsfonts/cm/cmr6.pfb><
/usr/share/texlive/texmf-dist/fonts/type1/public/amsfonts/cm/cmr7.pfb></usr/sha
re/texlive/texmf-dist/fonts/type1/public/amsfonts/cm/cmr8.pfb></usr/share/texli
ve/texmf-dist/fonts/type1/public/amsfonts/cm/cmr9.pfb></usr/share/texlive/texmf
-dist/fonts/type1/public/amsfonts/cm/cmsy10.pfb></usr/share/texlive/texmf-dist/
fonts/type1/public/amsfonts/cm/cmsy6.pfb></usr/share/texlive/texmf-dist/fonts/t
ype1/public/amsfonts/cm/cmsy7.pfb></usr/share/texlive/texmf-dist/fonts/type1/pu
blic/amsfonts/cm/cmsy8.pfb></usr/share/texlive/texmf-dist/fonts/type1/public/am
sfonts/cm/cmsy9.pfb>
Output written on main.pdf (21 pages, 4547031 bytes).
PDF statistics:
 978 PDF objects out of 1000 (max. 8388607)
 431 compressed objects within 5 object streams
 114 named destinations out of 1000 (max. 500000)
 262 words of extra memory for PDF output out of 10000 (max. 10000000)

